{
    "by": "paulgb",
    "id": 121005,
    "kids": [
        121021
    ],
    "parent": 120890,
    "text": "I wish I had Mario. Instead I was stuck with Mavis Beacon.",
    "time": 1203647923,
    "type": "comment"
}